BL51 BANKED LINKER/LOCATER V6.22                                                        05/21/2018  16:25:11  PAGE 1


BL51 BANKED LINKER/LOCATER V6.22, INVOKED BY:
C:\KEIL_V5_C51\C51\BIN\BL51.EXE .\Objects\STARTUP.obj, .\Objects\codigo_main.obj, .\Objects\lcd.obj, .\Objects\teclado.o
>> bj, .\Objects\serial.obj, .\Objects\relogio.obj, .\Objects\myString.obj TO .\Objects\projeto_micros_gd PRINT (.\Listi
>> ngs\projeto_micros_gd.m51) RAMSIZE (256)


MEMORY MODEL: SMALL


INPUT MODULES INCLUDED:
  .\Objects\STARTUP.obj (?C_STARTUP)
  .\Objects\codigo_main.obj (CODIGO_MAIN)
  .\Objects\lcd.obj (LCD)
  .\Objects\teclado.obj (TECLADO)
  .\Objects\serial.obj (SERIAL)
  .\Objects\relogio.obj (RELOGIO)
  .\Objects\myString.obj (MYSTRING)
  C:\KEIL_V5_C51\C51\LIB\C51S.LIB (?C_INIT)
  C:\KEIL_V5_C51\C51\LIB\C51S.LIB (?C?CLDPTR)
  C:\KEIL_V5_C51\C51\LIB\C51S.LIB (?C?CLDOPTR)
  C:\KEIL_V5_C51\C51\LIB\C51S.LIB (?C?CSTOPTR)
  C:\KEIL_V5_C51\C51\LIB\C51S.LIB (?C?IMUL)


LINK MAP OF MODULE:  .\Objects\projeto_micros_gd (?C_STARTUP)


            TYPE    BASE      LENGTH    RELOCATION   SEGMENT NAME
            -----------------------------------------------------

            * * * * * * *   D A T A   M E M O R Y   * * * * * * *
            REG     0000H     0008H     ABSOLUTE     "REG BANK 0"
            DATA    0008H     0037H     UNIT         _DATA_GROUP_
            DATA    003FH     001FH     UNIT         ?DT?SERIAL
            DATA    005EH     0006H     UNIT         ?DT?CODIGO_MAIN
            IDATA   0064H     001EH     UNIT         ?ID?CODIGO_MAIN
            IDATA   0082H     0001H     UNIT         ?STACK

            * * * * * * *  X D A T A   M E M O R Y  * * * * * * *
            XDATA   0000H     0366H     UNIT         ?XD?CODIGO_MAIN

            * * * * * * *   C O D E   M E M O R Y   * * * * * * *
            CODE    0000H     0003H     ABSOLUTE     
                    0003H     0020H                  *** GAP ***
            CODE    0023H     0003H     ABSOLUTE     
                    0026H     07DAH                  *** GAP ***
            CODE    0800H     02D5H     UNIT         ?PR?VARREDURA_CANDIDATOS?CODIGO_MAIN
            CODE    0AD5H     0108H     UNIT         ?PR?TRATA_DADOS?SERIAL
            CODE    0BDDH     008CH     UNIT         ?C_C51STARTUP
            CODE    0C69H     007AH     UNIT         ?C?LIB_CODE
            CODE    0CE3H     006BH     UNIT         ?CO?CODIGO_MAIN
            CODE    0D4EH     005FH     UNIT         ?PR?_COMPARA_STRING?MYSTRING
            CODE    0DADH     0052H     UNIT         ?PR?TRATA_INTERRUPCAO_SERIAL?SERIAL
            CODE    0DFFH     0038H     UNIT         ?PR?_COPIA_STRING?MYSTRING
            CODE    0E37H     002CH     UNIT         ?PR?_CLEAR_STRING?MYSTRING
            CODE    0E63H     0027H     UNIT         ?PR?_ESCREVE_SERIAL?SERIAL
            CODE    0E8AH     0026H     UNIT         ?PR?_ESCREVE_MENSAGEM?LCD
            CODE    0EB0H     0024H     UNIT         ?PR?_SOLICITA_SENADOR?SERIAL
BL51 BANKED LINKER/LOCATER V6.22                                                      05/21/2018  16:25:11  PAGE 2


            CODE    0ED4H     0024H     UNIT         ?PR?_SOLICITA_GOVERNADOR?SERIAL
            CODE    0EF8H     0024H     UNIT         ?PR?_SOLICITA_PRESIDENTE?SERIAL
            CODE    0F1CH     0020H     UNIT         ?PR?_LEN_STRING?MYSTRING
            CODE    0F3CH     001CH     UNIT         ?PR?LCD_INIT?LCD
            CODE    0F58H     001BH     UNIT         ?PR?CLEAR_PACOTE?CODIGO_MAIN
            CODE    0F73H     001BH     UNIT         ?PR?CLEAR_FIFO?SERIAL
            CODE    0F8EH     0018H     UNIT         ?PR?ATRASO_CLEAR?LCD
            CODE    0FA6H     0016H     UNIT         ?PR?CONFIGURA_SERIAL?SERIAL
            CODE    0FBCH     0015H     UNIT         ?PR?ATRASO?LCD
            CODE    0FD1H     0014H     UNIT         ?PR?MAIN?CODIGO_MAIN
            CODE    0FE5H     0010H     UNIT         ?C_INITSEG
            CODE    0FF5H     000FH     UNIT         ?PR?_MAIOR?MYSTRING
            CODE    1004H     000CH     UNIT         ?PR?_ESCREVE_LCD?LCD
            CODE    1010H     000BH     UNIT         ?PR?_ESCREVE_COMANDO?LCD
            CODE    101BH     0009H     UNIT         ?CO?SERIAL
            CODE    1024H     0008H     UNIT         ?PR?CLEAR_LCD?LCD



OVERLAY MAP OF MODULE:   .\Objects\projeto_micros_gd (?C_STARTUP)


SEGMENT                                        DATA_GROUP 
  +--> CALLED SEGMENT                        START    LENGTH
------------------------------------------------------------
?C_C51STARTUP                                -----    -----
  +--> ?PR?MAIN?CODIGO_MAIN
  +--> ?C_INITSEG

?PR?MAIN?CODIGO_MAIN                         -----    -----
  +--> ?PR?CONFIGURA_SERIAL?SERIAL
  +--> ?PR?LCD_INIT?LCD
  +--> ?CO?CODIGO_MAIN
  +--> ?PR?_ESCREVE_SERIAL?SERIAL
  +--> ?PR?VARREDURA_CANDIDATOS?CODIGO_MAIN

?PR?LCD_INIT?LCD                             -----    -----
  +--> ?PR?_ESCREVE_COMANDO?LCD
  +--> ?PR?ATRASO_CLEAR?LCD

?PR?_ESCREVE_COMANDO?LCD                     -----    -----
  +--> ?PR?ATRASO?LCD

?PR?_ESCREVE_SERIAL?SERIAL                   0038H    0003H

?PR?VARREDURA_CANDIDATOS?CODIGO_MAIN         0008H    0024H
  +--> ?PR?_SOLICITA_SENADOR?SERIAL
  +--> ?CO?CODIGO_MAIN
  +--> ?PR?_COMPARA_STRING?MYSTRING
  +--> ?PR?_COPIA_STRING?MYSTRING
  +--> ?PR?_CLEAR_STRING?MYSTRING
  +--> ?PR?_SOLICITA_GOVERNADOR?SERIAL
  +--> ?PR?CLEAR_PACOTE?CODIGO_MAIN
  +--> ?PR?_SOLICITA_PRESIDENTE?SERIAL

?PR?_SOLICITA_SENADOR?SERIAL                 002CH    0006H
  +--> ?PR?_ESCREVE_SERIAL?SERIAL
BL51 BANKED LINKER/LOCATER V6.22                                                      05/21/2018  16:25:11  PAGE 3



?PR?_COMPARA_STRING?MYSTRING                 002CH    0009H
  +--> ?PR?_LEN_STRING?MYSTRING
  +--> ?PR?_MAIOR?MYSTRING

?PR?_LEN_STRING?MYSTRING                     0035H    0003H

?PR?_COPIA_STRING?MYSTRING                   0038H    0007H

?PR?_CLEAR_STRING?MYSTRING                   002CH    0003H

?PR?_SOLICITA_GOVERNADOR?SERIAL              002CH    0006H
  +--> ?PR?_ESCREVE_SERIAL?SERIAL

?PR?_SOLICITA_PRESIDENTE?SERIAL              002CH    0006H
  +--> ?PR?_ESCREVE_SERIAL?SERIAL

*** NEW ROOT ***************************************************

?PR?TRATA_INTERRUPCAO_SERIAL?SERIAL          -----    -----
  +--> ?PR?TRATA_DADOS?SERIAL
  +--> ?PR?CLEAR_FIFO?SERIAL

?PR?TRATA_DADOS?SERIAL                       -----    -----
  +--> ?CO?SERIAL
  +--> ?PR?_ESCREVE_SERIAL?SERIAL
  +--> ?PR?_ESCREVE_MENSAGEM?LCD
  +--> ?PR?_COPIA_STRING?MYSTRING

?PR?_ESCREVE_MENSAGEM?LCD                    0038H    0003H
  +--> ?PR?_ESCREVE_LCD?LCD
  +--> ?PR?ATRASO?LCD

?PR?_ESCREVE_LCD?LCD                         -----    -----
  +--> ?PR?ATRASO?LCD



SYMBOL TABLE OF MODULE:  .\Objects\projeto_micros_gd (?C_STARTUP)

  VALUE           TYPE          NAME
  ----------------------------------

  -------         MODULE        ?C_STARTUP
  C:0BDDH         SEGMENT       ?C_C51STARTUP
  I:0082H         SEGMENT       ?STACK
  C:0000H         PUBLIC        ?C_STARTUP
  D:00E0H         SYMBOL        ACC
  D:00F0H         SYMBOL        B
  D:0083H         SYMBOL        DPH
  D:0082H         SYMBOL        DPL
  N:0000H         SYMBOL        IBPSTACK
  N:0100H         SYMBOL        IBPSTACKTOP
  N:0080H         SYMBOL        IDATALEN
  C:0BE0H         SYMBOL        IDATALOOP
  N:0000H         SYMBOL        PBPSTACK
  N:0100H         SYMBOL        PBPSTACKTOP
BL51 BANKED LINKER/LOCATER V6.22                                                      05/21/2018  16:25:11  PAGE 4


  N:0000H         SYMBOL        PDATALEN
  N:0000H         SYMBOL        PDATASTART
  N:0000H         SYMBOL        PPAGE
  N:0000H         SYMBOL        PPAGEENABLE
  D:00A0H         SYMBOL        PPAGE_SFR
  D:0081H         SYMBOL        SP
  C:0BDDH         SYMBOL        STARTUP1
  N:0000H         SYMBOL        XBPSTACK
  N:0000H         SYMBOL        XBPSTACKTOP
  N:0000H         SYMBOL        XDATALEN
  N:0000H         SYMBOL        XDATASTART
  C:0000H         LINE#         126
  C:0BDDH         LINE#         133
  C:0BDFH         LINE#         134
  C:0BE0H         LINE#         135
  C:0BE1H         LINE#         136
  C:0BE3H         LINE#         185
  C:0BE6H         LINE#         196
  -------         ENDMOD        ?C_STARTUP

  -------         MODULE        CODIGO_MAIN
  C:0000H         SYMBOL        _ICE_DUMMY_
  I:0064H         PUBLIC        pacote
  D:0090H         PUBLIC        P1
  D:00B0H         PUBLIC        P3
  D:005EH         PUBLIC        estado
  D:005FH         PUBLIC        respostaPC
  D:00A8H         PUBLIC        IE
  D:00B8H         PUBLIC        IP
  D:0060H         PUBLIC        minuto
  C:0FD1H         PUBLIC        main
  D:0061H         PUBLIC        hora
  D:0098H         PUBLIC        SCON
  D:0088H         PUBLIC        TCON
  X:0000H         PUBLIC        presidente
  X:0122H         PUBLIC        governador
  C:0CF4H         PUBLIC        codigo_eleitor
  C:0800H         PUBLIC        varredura_candidatos
  D:00C8H         PUBLIC        T2CON
  C:0F58H         PUBLIC        clear_pacote
  X:0244H         PUBLIC        senador
  D:0062H         PUBLIC        OLU
  D:0063H         PUBLIC        segundo
  D:00D0H         PUBLIC        PSW
  -------         PROC          CLEAR_PACOTE
  -------         DO            
  D:0007H         SYMBOL        i
  -------         ENDDO         
  C:0F58H         LINE#         43
  C:0F58H         LINE#         46
  C:0F69H         LINE#         47
  C:0F6FH         LINE#         48
  C:0F72H         LINE#         51
  -------         ENDPROC       CLEAR_PACOTE
  -------         PROC          VARREDURA_CANDIDATOS
  -------         DO            
  D:0008H         SYMBOL        d0
BL51 BANKED LINKER/LOCATER V6.22                                                      05/21/2018  16:25:11  PAGE 5


  D:0009H         SYMBOL        d1
  D:000AH         SYMBOL        d
  D:000DH         SYMBOL        comprimento
  D:000EH         SYMBOL        i
  D:000FH         SYMBOL        inicio_par
  D:0010H         SYMBOL        nome
  D:0024H         SYMBOL        partido
  D:0029H         SYMBOL        pos_sen
  D:002AH         SYMBOL        pos_gov
  D:002BH         SYMBOL        pos_pres
  -------         ENDDO         
  C:0800H         LINE#         115
  C:0800H         LINE#         122
  C:0807H         LINE#         124
  C:080AH         LINE#         126
  C:080DH         LINE#         127
  C:0810H         LINE#         129
  C:0813H         LINE#         130
  C:0816H         LINE#         132
  C:081EH         LINE#         133
  C:0822H         LINE#         137
  C:0827H         LINE#         139
  C:0835H         LINE#         140
  C:083CH         LINE#         141
  C:0840H         LINE#         142
  C:0845H         LINE#         143
  C:0853H         LINE#         144
  C:085AH         LINE#         145
  C:085EH         LINE#         148
  C:0873H         LINE#         149
  C:089BH         LINE#         150
  C:08C3H         LINE#         151
  C:08EBH         LINE#         152
  C:08EBH         LINE#         153
  C:08F4H         LINE#         154
  C:08FDH         LINE#         155
  C:0906H         LINE#         157
  C:090FH         LINE#         159
  C:0913H         LINE#         162
  C:0918H         LINE#         164
  C:0926H         LINE#         165
  C:092DH         LINE#         166
  C:0931H         LINE#         167
  C:0936H         LINE#         168
  C:0944H         LINE#         169
  C:094BH         LINE#         170
  C:094FH         LINE#         172
  C:0952H         LINE#         174
  C:0967H         LINE#         175
  C:098FH         LINE#         176
  C:09B7H         LINE#         177
  C:09DFH         LINE#         178
  C:09DFH         LINE#         181
  C:09E8H         LINE#         183
  C:09ECH         LINE#         186
  C:09F1H         LINE#         188
  C:09FFH         LINE#         189
BL51 BANKED LINKER/LOCATER V6.22                                                      05/21/2018  16:25:11  PAGE 6


  C:0A06H         LINE#         190
  C:0A0AH         LINE#         191
  C:0A0FH         LINE#         192
  C:0A1DH         LINE#         193
  C:0A24H         LINE#         194
  C:0A28H         LINE#         196
  C:0A2BH         LINE#         198
  C:0A40H         LINE#         199
  C:0A68H         LINE#         200
  C:0A90H         LINE#         201
  C:0AB8H         LINE#         202
  C:0AB8H         LINE#         204
  C:0AC6H         LINE#         205
  C:0AD4H         LINE#         206
  -------         ENDPROC       VARREDURA_CANDIDATOS
  -------         PROC          MAIN
  C:0FD1H         LINE#         208
  C:0FD1H         LINE#         210
  C:0FD4H         LINE#         216
  C:0FD7H         LINE#         218
  C:0FE0H         LINE#         219
  C:0FE3H         LINE#         222
  C:0FE3H         LINE#         226
  -------         ENDPROC       MAIN
  -------         ENDMOD        CODIGO_MAIN

  -------         MODULE        LCD
  C:0000H         SYMBOL        _ICE_DUMMY_
  D:0090H         PUBLIC        P1
  D:00B0H         PUBLIC        P3
  C:0FBCH         PUBLIC        atraso
  D:00A8H         PUBLIC        IE
  D:00B8H         PUBLIC        IP
  B:00B0H.6       PUBLIC        RS
  C:0E8AH         PUBLIC        _escreve_mensagem
  C:1004H         PUBLIC        _escreve_LCD
  D:0098H         PUBLIC        SCON
  D:0089H         PUBLIC        TMOD
  D:0088H         PUBLIC        TCON
  C:1010H         PUBLIC        _escreve_comando
  C:1024H         PUBLIC        clear_LCD
  B:00B0H.7       PUBLIC        E
  B:0088H.5       PUBLIC        TF0
  D:008CH         PUBLIC        TH0
  D:008AH         PUBLIC        TL0
  B:0088H.4       PUBLIC        TR0
  D:00C8H         PUBLIC        T2CON
  C:0F3CH         PUBLIC        LCD_init
  C:0F8EH         PUBLIC        atraso_clear
  D:00D0H         PUBLIC        PSW
  -------         PROC          LCD_INIT
  C:0F3CH         LINE#         10
  C:0F3CH         LINE#         12
  C:0F41H         LINE#         13
  C:0F46H         LINE#         14
  C:0F4BH         LINE#         15
  C:0F50H         LINE#         16
BL51 BANKED LINKER/LOCATER V6.22                                                      05/21/2018  16:25:11  PAGE 7


  C:0F55H         LINE#         17
  -------         ENDPROC       LCD_INIT
  -------         PROC          ATRASO
  C:0FBCH         LINE#         21
  C:0FBCH         LINE#         23
  C:0FBEH         LINE#         24
  C:0FC0H         LINE#         25
  C:0FC3H         LINE#         26
  C:0FC6H         LINE#         29
  C:0FC9H         LINE#         30
  C:0FCBH         LINE#         31
  C:0FCEH         LINE#         32
  C:0FD0H         LINE#         33
  -------         ENDPROC       ATRASO
  -------         PROC          ATRASO_CLEAR
  C:0F8EH         LINE#         35
  C:0F8EH         LINE#         37
  C:0F90H         LINE#         38
  C:0F92H         LINE#         39
  C:0F95H         LINE#         40
  C:0F98H         LINE#         43
  C:0F9BH         LINE#         44
  C:0F9EH         LINE#         45
  C:0FA0H         LINE#         46
  C:0FA3H         LINE#         47
  C:0FA5H         LINE#         48
  -------         ENDPROC       ATRASO_CLEAR
  -------         PROC          _ESCREVE_LCD
  D:0007H         SYMBOL        X
  C:1004H         LINE#         50
  C:1004H         LINE#         51
  C:1006H         LINE#         52
  C:1008H         LINE#         54
  C:100AH         LINE#         55
  C:100DH         LINE#         56
  C:100FH         LINE#         57
  -------         ENDPROC       _ESCREVE_LCD
  -------         PROC          _ESCREVE_COMANDO
  D:0007H         SYMBOL        com
  C:1010H         LINE#         59
  C:1010H         LINE#         61
  C:1012H         LINE#         62
  C:1014H         LINE#         63
  C:1016H         LINE#         64
  C:1018H         LINE#         65
  -------         ENDPROC       _ESCREVE_COMANDO
  -------         PROC          _ESCREVE_MENSAGEM
  D:0038H         SYMBOL        mensagem
  -------         DO            
  D:0006H         SYMBOL        i
  -------         ENDDO         
  C:0E8AH         LINE#         68
  C:0E90H         LINE#         71
  C:0EA7H         LINE#         72
  C:0EAAH         LINE#         73
  C:0EADH         LINE#         74
  -------         ENDPROC       _ESCREVE_MENSAGEM
BL51 BANKED LINKER/LOCATER V6.22                                                      05/21/2018  16:25:11  PAGE 8


  -------         PROC          CLEAR_LCD
  C:1024H         LINE#         78
  C:1024H         LINE#         79
  C:1029H         LINE#         80
  -------         ENDPROC       CLEAR_LCD
  -------         ENDMOD        LCD

  -------         MODULE        TECLADO
  C:0000H         SYMBOL        _ICE_DUMMY_
  -------         ENDMOD        TECLADO

  -------         MODULE        SERIAL
  C:0000H         SYMBOL        _ICE_DUMMY_
  D:0090H         PUBLIC        P1
  D:00B0H         PUBLIC        P3
  B:00A8H.7       PUBLIC        EA
  D:00A8H         PUBLIC        IE
  C:0AD5H         PUBLIC        trata_dados
  C:0F73H         PUBLIC        clear_FIFO
  B:00A8H.4       PUBLIC        ES
  D:00B8H         PUBLIC        IP
  C:0DADH         PUBLIC        trata_interrupcao_serial
  B:0098H.0       PUBLIC        RI
  B:0098H.1       PUBLIC        TI
  C:0FA6H         PUBLIC        configura_serial
  C:0EB0H         PUBLIC        _solicita_senador
  D:0099H         PUBLIC        SBUF
  D:0098H         PUBLIC        SCON
  D:0089H         PUBLIC        TMOD
  D:0088H         PUBLIC        TCON
  D:008DH         PUBLIC        TH1
  D:0040H         PUBLIC        fifo_recepcao
  D:008BH         PUBLIC        TL1
  C:0E63H         PUBLIC        _escreve_serial
  B:0088H.6       PUBLIC        TR1
  D:00C8H         PUBLIC        T2CON
  C:0EF8H         PUBLIC        _solicita_presidente
  D:00D0H         PUBLIC        PSW
  C:0ED4H         PUBLIC        _solicita_governador
  -------         PROC          CONFIGURA_SERIAL
  C:0FA6H         LINE#         27
  C:0FA6H         LINE#         29
  C:0FA9H         LINE#         30
  C:0FACH         LINE#         31
  C:0FAFH         LINE#         32
  C:0FB2H         LINE#         33
  C:0FB4H         LINE#         35
  C:0FB7H         LINE#         36
  C:0FB9H         LINE#         37
  C:0FBBH         LINE#         38
  -------         ENDPROC       CONFIGURA_SERIAL
  -------         PROC          _ESCREVE_SERIAL
  D:0038H         SYMBOL        mensagem
  -------         DO            
  D:0007H         SYMBOL        i
  -------         ENDDO         
  C:0E63H         LINE#         40
BL51 BANKED LINKER/LOCATER V6.22                                                      05/21/2018  16:25:11  PAGE 9


  C:0E69H         LINE#         42
  C:0E7FH         LINE#         43
  C:0E81H         LINE#         44
  C:0E84H         LINE#         45
  C:0E86H         LINE#         46
  C:0E89H         LINE#         47
  -------         ENDPROC       _ESCREVE_SERIAL
  -------         PROC          CLEAR_FIFO
  -------         DO            
  D:0007H         SYMBOL        i
  -------         ENDDO         
  C:0F73H         LINE#         49
  C:0F73H         LINE#         51
  C:0F8DH         LINE#         53
  -------         ENDPROC       CLEAR_FIFO
  -------         PROC          TRATA_INTERRUPCAO_SERIAL
  -------         DO            
  D:003FH         SYMBOL        is
  -------         ENDDO         
  C:0DADH         LINE#         57
  C:0DCAH         LINE#         59
  C:0DCDH         LINE#         60
  C:0DCFH         LINE#         61
  C:0DD6H         LINE#         62
  C:0DD8H         LINE#         63
  C:0DDEH         LINE#         64
  C:0DE1H         LINE#         65
  C:0DE4H         LINE#         66
  C:0DE4H         LINE#         67
  C:0DE4H         LINE#         68
  -------         ENDPROC       TRATA_INTERRUPCAO_SERIAL
  -------         PROC          TRATA_DADOS
  C:0AD5H         LINE#         72
  C:0AD5H         LINE#         75
  C:0ADFH         LINE#         76
  C:0AE2H         LINE#         77
  C:0AE8H         LINE#         78
  C:0AEAH         LINE#         79
  C:0AEAH         LINE#         82
  C:0AF4H         LINE#         83
  C:0AF7H         LINE#         84
  C:0AFDH         LINE#         85
  C:0AFFH         LINE#         86
  C:0AFFH         LINE#         89
  C:0B09H         LINE#         91
  C:0B0CH         LINE#         92
  C:0B0FH         LINE#         93
  C:0B18H         LINE#         94
  C:0B1BH         LINE#         96
  C:0B1BH         LINE#         98
  C:0B1BH         LINE#         101
  C:0B1BH         LINE#         103
  C:0B25H         LINE#         105
  C:0B2AH         LINE#         106
  C:0B2DH         LINE#         107
  C:0B2DH         LINE#         108
  C:0B30H         LINE#         109
BL51 BANKED LINKER/LOCATER V6.22                                                      05/21/2018  16:25:11  PAGE 10


  C:0B30H         LINE#         111
  C:0B3AH         LINE#         113
  C:0B3FH         LINE#         114
  C:0B42H         LINE#         115
  C:0B42H         LINE#         116
  C:0B45H         LINE#         117
  C:0B45H         LINE#         119
  C:0B4FH         LINE#         121
  C:0B54H         LINE#         122
  C:0B57H         LINE#         123
  C:0B57H         LINE#         124
  C:0B5AH         LINE#         125
  C:0B5AH         LINE#         127
  C:0B66H         LINE#         129
  C:0B6BH         LINE#         130
  C:0B74H         LINE#         131
  C:0B86H         LINE#         132
  C:0B89H         LINE#         133
  C:0B89H         LINE#         134
  C:0B8CH         LINE#         135
  C:0B8CH         LINE#         137
  C:0B96H         LINE#         139
  C:0B9BH         LINE#         140
  C:0BADH         LINE#         141
  C:0BB0H         LINE#         142
  C:0BB0H         LINE#         143
  C:0BB3H         LINE#         144
  C:0BB3H         LINE#         146
  C:0BBDH         LINE#         148
  C:0BC2H         LINE#         149
  C:0BD4H         LINE#         150
  C:0BD7H         LINE#         151
  C:0BD7H         LINE#         152
  C:0BDAH         LINE#         153
  C:0BDAH         LINE#         154
  C:0BDCH         LINE#         155
  -------         ENDPROC       TRATA_DADOS
  -------         PROC          _SOLICITA_SENADOR
  D:0001H         SYMBOL        codigo
  -------         DO            
  D:002CH         SYMBOL        mensagem
  -------         ENDDO         
  C:0EB0H         LINE#         157
  C:0EB0H         LINE#         160
  C:0EB3H         LINE#         161
  C:0EB6H         LINE#         162
  C:0EB9H         LINE#         163
  C:0EBEH         LINE#         164
  C:0EC6H         LINE#         165
  C:0EC9H         LINE#         166
  C:0ECCH         LINE#         167
  -------         ENDPROC       _SOLICITA_SENADOR
  -------         PROC          _SOLICITA_GOVERNADOR
  D:0001H         SYMBOL        codigo
  -------         DO            
  D:002CH         SYMBOL        mensagem
  -------         ENDDO         
BL51 BANKED LINKER/LOCATER V6.22                                                      05/21/2018  16:25:11  PAGE 11


  C:0ED4H         LINE#         171
  C:0ED4H         LINE#         174
  C:0ED7H         LINE#         175
  C:0EDAH         LINE#         176
  C:0EDDH         LINE#         177
  C:0EE2H         LINE#         178
  C:0EEAH         LINE#         179
  C:0EEDH         LINE#         180
  C:0EF0H         LINE#         181
  -------         ENDPROC       _SOLICITA_GOVERNADOR
  -------         PROC          _SOLICITA_PRESIDENTE
  D:0001H         SYMBOL        codigo
  -------         DO            
  D:002CH         SYMBOL        mensagem
  -------         ENDDO         
  C:0EF8H         LINE#         184
  C:0EF8H         LINE#         187
  C:0EFBH         LINE#         188
  C:0EFEH         LINE#         189
  C:0F01H         LINE#         190
  C:0F06H         LINE#         191
  C:0F0EH         LINE#         192
  C:0F11H         LINE#         193
  C:0F14H         LINE#         194
  -------         ENDPROC       _SOLICITA_PRESIDENTE
  -------         ENDMOD        SERIAL

  -------         MODULE        RELOGIO
  C:0000H         SYMBOL        _ICE_DUMMY_
  -------         ENDMOD        RELOGIO

  -------         MODULE        MYSTRING
  C:0000H         SYMBOL        _ICE_DUMMY_
  C:0E37H         PUBLIC        _clear_string
  C:0DFFH         PUBLIC        _copia_string
  C:0FF5H         PUBLIC        _maior
  C:0F1CH         PUBLIC        _len_string
  C:0D4EH         PUBLIC        _compara_string
  -------         PROC          _LEN_STRING
  D:0035H         SYMBOL        string
  -------         DO            
  D:0007H         SYMBOL        i
  -------         ENDDO         
  C:0F1CH         LINE#         3
  C:0F22H         LINE#         6
  C:0F3BH         LINE#         7
  C:0F3BH         LINE#         9
  -------         ENDPROC       _LEN_STRING
  -------         PROC          _MAIOR
  D:0007H         SYMBOL        arg1
  D:0005H         SYMBOL        arg2
  C:0FF5H         LINE#         11
  C:0FF5H         LINE#         12
  C:1001H         LINE#         13
  C:1003H         LINE#         14
  -------         ENDPROC       _MAIOR
  -------         PROC          _COMPARA_STRING
BL51 BANKED LINKER/LOCATER V6.22                                                      05/21/2018  16:25:11  PAGE 12


  D:002CH         SYMBOL        string1
  D:002FH         SYMBOL        string2
  -------         DO            
  D:0032H         SYMBOL        i
  D:0033H         SYMBOL        out
  D:0034H         SYMBOL        lim
  -------         ENDDO         
  C:0D4EH         LINE#         16
  C:0D54H         LINE#         18
  C:0D57H         LINE#         20
  C:0D6EH         LINE#         22
  C:0D7EH         LINE#         23
  C:0DA3H         LINE#         24
  C:0DA6H         LINE#         25
  C:0DA6H         LINE#         26
  C:0DAAH         LINE#         27
  C:0DACH         LINE#         28
  -------         ENDPROC       _COMPARA_STRING
  -------         PROC          _COPIA_STRING
  D:0038H         SYMBOL        alvo
  D:003BH         SYMBOL        valor
  -------         DO            
  D:003EH         SYMBOL        i
  -------         ENDDO         
  C:0DFFH         LINE#         30
  C:0E05H         LINE#         33
  C:0E36H         LINE#         35
  -------         ENDPROC       _COPIA_STRING
  -------         PROC          _CLEAR_STRING
  D:002CH         SYMBOL        string
  -------         DO            
  D:0007H         SYMBOL        i
  -------         ENDDO         
  C:0E37H         LINE#         37
  C:0E3DH         LINE#         40
  C:0E53H         LINE#         41
  C:0E5FH         LINE#         42
  C:0E62H         LINE#         44
  -------         ENDPROC       _CLEAR_STRING
  -------         ENDMOD        MYSTRING

  -------         MODULE        ?C?CLDPTR
  C:0C69H         PUBLIC        ?C?CLDPTR
  -------         ENDMOD        ?C?CLDPTR

  -------         MODULE        ?C?CLDOPTR
  C:0C82H         PUBLIC        ?C?CLDOPTR
  -------         ENDMOD        ?C?CLDOPTR

  -------         MODULE        ?C?CSTOPTR
  C:0CAFH         PUBLIC        ?C?CSTOPTR
  -------         ENDMOD        ?C?CSTOPTR

  -------         MODULE        ?C?IMUL
  C:0CD1H         PUBLIC        ?C?IMUL
  -------         ENDMOD        ?C?IMUL

BL51 BANKED LINKER/LOCATER V6.22                                                      05/21/2018  16:25:11  PAGE 13


*** WARNING L16: UNCALLED SEGMENT, IGNORED FOR OVERLAY PROCESS
    SEGMENT: ?PR?CLEAR_LCD?LCD

*** WARNING L15: MULTIPLE CALL TO SEGMENT
    SEGMENT: ?PR?_ESCREVE_SERIAL?SERIAL
    CALLER1: ?C_C51STARTUP
    CALLER2: ?PR?TRATA_INTERRUPCAO_SERIAL?SERIAL

*** WARNING L15: MULTIPLE CALL TO SEGMENT
    SEGMENT: ?PR?_COPIA_STRING?MYSTRING
    CALLER1: ?C_C51STARTUP
    CALLER2: ?PR?TRATA_INTERRUPCAO_SERIAL?SERIAL

******************************************************************************
* RESTRICTED VERSION WITH 0800H BYTE CODE SIZE LIMIT; USED: 0737H BYTE (90%) *
******************************************************************************

Program Size: data=131.0 xdata=870 code=2098
LINK/LOCATE RUN COMPLETE.  3 WARNING(S),  0 ERROR(S)
