C51 COMPILER V9.54   RELOGIO                                                               05/25/2018 20:17:32 PAGE 1   


C51 COMPILER V9.54, COMPILATION OF MODULE RELOGIO
OBJECT MODULE PLACED IN .\Objects\relogio.obj
COMPILER INVOKED BY: C:\Keil_v5\C51\BIN\C51.EXE relogio.c OPTIMIZE(8,SPEED) BROWSE DEBUG OBJECTEXTEND PRINT(.\Listings\r
                    -elogio.lst) TABS(2) OBJECT(.\Objects\relogio.obj)

line level    source

   1          #include<reg52.h>
   2          #include<relogio.h>
   3          
   4          // O tempo de estouro do timer 2 com 16 bits é de 35.5555555 ms
   5          // Pra chegar a 18452 ciclos, ele demora 10 ms
   6          // Pra chegar a 46080 ciclos, ele demora 25 ms (1s/40)
   7          
   8          //65536 - 46080 = 19456 = 0x4C00
   9          
  10          /*
  11          
  12          void configura_relogio(){
  13            T2CON = 0;
  14            TL2 = 0;
  15            TH2 = 0x4C;
  16            RCAP2L = 0;
  17            RCAP2H = 0x4C;
  18            TR2 = 1;
  19            
  20            EA = 1; //habilita as interrrupcoes do chip
  21            ET2 = 1;  //habilita interrupcao da serial
  22          }
  23          
  24          void atualiza_relogio() interrupt 5 {
  25            
  26            static char count = 0;
  27            TF2 = 0;
  28          
  29            count ++;
  30            
  31            if (count >= 40){
  32              count = 0;
  33              segundo ++;
  34              if (segundo >= 60){
  35                segundo = 0;
  36                minuto ++;
  37                if (minuto >= 60){
  38                  minuto = 0;
  39                  if (hora >= 24){
  40                    hora = 0;
  41                  }
  42                }
  43              }
  44            }
  45            
  46            
  47          }
  48          
  49          */


MODULE INFORMATION:   STATIC OVERLAYABLE
   CODE SIZE        =   ----    ----
   CONSTANT SIZE    =   ----    ----
C51 COMPILER V9.54   RELOGIO                                                               05/25/2018 20:17:32 PAGE 2   

   XDATA SIZE       =   ----    ----
   PDATA SIZE       =   ----    ----
   DATA SIZE        =   ----    ----
   IDATA SIZE       =   ----    ----
   BIT SIZE         =   ----    ----
END OF MODULE INFORMATION.


C51 COMPILATION COMPLETE.  0 WARNING(S),  0 ERROR(S)
