C51 COMPILER V9.57.0.0   RELOGIO                                                           05/23/2018 11:44:45 PAGE 1   


C51 COMPILER V9.57.0.0, COMPILATION OF MODULE RELOGIO
OBJECT MODULE PLACED IN .\Objects\relogio.obj
COMPILER INVOKED BY: C:\C51\Keil_v5\C51\BIN\C51.EXE relogio.c OPTIMIZE(8,SPEED) BROWSE DEBUG OBJECTEXTEND PRINT(.\Listin
                    -gs\relogio.lst) TABS(2) OBJECT(.\Objects\relogio.obj)

line level    source

   1          #include<reg52.h>
   2          #include<relogio.h>
   3          
   4          // O tempo de estouro do timer 2 com 16 bits é de 35.5555555 ms
   5          // Pra chegar a 18452 ciclos, ele demora 10 ms
   6          // Pra chegar a 46080 ciclos, ele demora 25 ms (1s/40)
   7          
   8          //65536 - 46080 = 19456 = 0x4C00
   9          
  10          void configura_relogio(){
  11   1        T2CON = 0;
  12   1        TL2 = 0;
  13   1        TH2 = 0x4C;
  14   1        RCAP2L = 0;
  15   1        RCAP2H = 0x4C;
  16   1        TR2 = 1;
  17   1        
  18   1        EA = 1; //habilita as interrrupcoes do chip
  19   1        ET2 = 1;  //habilita interrupcao da serial
  20   1      }
  21          
  22          void atualiza_relogio() interrupt 5 {
  23   1        
  24   1        static char count = 0;
  25   1        TF2 = 0;
  26   1      
  27   1        count ++;
  28   1        
  29   1        if (count >= 40){
  30   2          count = 0;
  31   2          segundo ++;
  32   2          if (segundo >= 60){
  33   3            segundo = 0;
  34   3            minuto ++;
  35   3            if (minuto >= 60){
  36   4              minuto = 0;
  37   4              if (hora >= 24){
  38   5                hora = 0;
  39   5              }
  40   4            }
  41   3          }
  42   2        }
  43   1        
  44   1        
  45   1      }


MODULE INFORMATION:   STATIC OVERLAYABLE
   CODE SIZE        =     82    ----
   CONSTANT SIZE    =   ----    ----
   XDATA SIZE       =   ----    ----
   PDATA SIZE       =   ----    ----
   DATA SIZE        =      1    ----
   IDATA SIZE       =   ----    ----
C51 COMPILER V9.57.0.0   RELOGIO                                                           05/23/2018 11:44:45 PAGE 2   

   BIT SIZE         =   ----    ----
END OF MODULE INFORMATION.


C51 COMPILATION COMPLETE.  0 WARNING(S),  0 ERROR(S)
